
> next-platform@0.1.0 build
> next build

   Ôû▓ Next.js 15.1.0
   - Environments: .env.local, .env

   Creating an optimized production build ...
 Ô£ô Compiled successfully
   Linting and checking validity of types ...
node.exe : Failed to compile.
No linha:1 caractere:1
+ & "C:\Program Files\nodejs/node.exe" "C:\Program 
Files\nodejs/node_mo ...
+ ~~~~~~~~~~~~~~~~~~~~~~~~~~~~~~~~~~~~~~~~~~~~~~~~~~~~~~~~
~~~~~~~~~~~~~
    + CategoryInfo          : NotSpecified: (Failed to co 
   mpile.:String) [], RemoteException
    + FullyQualifiedErrorId : NativeCommandError
 

./src/app/api/billing/webhook/route.ts:240:65
Type error: Property 'current_period_end' does not exist 
on type 'Subscription'.

[0m [90m 238 |[39m                         
status[33m:[39m finalStatus[33m,[39m[0m
[0m [90m 239 |[39m                         
[32m'stripe.subscriptionStatus'[39m[33m:[39m 
stripeStatus[33m,[39m[0m
[0m[31m[1m>[22m[39m[90m 240 |[39m                  
       [32m'stripe.currentPeriodEnd'[39m[33m:[39m 
subscription[33m.[39mcurrent_period_end [33m?[39m 
[36mnew[39m 
[33mDate[39m(subscription[33m.[39mcurrent_period_end 
[33m*[39m [35m1000[39m) [33m:[39m 
[36mnull[39m[33m,[39m[0m
[0m [90m     |[39m                                     
                            [31m[1m^[22m[39m[0m
[0m [90m 241 |[39m                         
updatedAt[33m:[39m [33mFieldValue[39m[33m.[39mserver
Timestamp()[33m,[39m[0m
[0m [90m 242 |[39m                     }[33m;[39m[0m
[0m [90m 243 |[39m[0m
