
> next-platform@0.1.0 test
> jest src/actions/__tests__/student_flow.test.ts

node.exe : [@sentry/nextjs] DEPRECATION 
WARNING: disableLogger is deprecated and 
will be removed in a future version. Use 
webpack.treeshake.removeDebugLogging 
instead.
No linha:1 caractere:1
+ & "C:\Program Files\nodejs/node.exe" 
"C:\Program Files\nodejs/node_mo ...
+ ~~~~~~~~~~~~~~~~~~~~~~~~~~~~~~~~~~~~~~~~~
~~~~~~~~~~~~~~~~~~~~~~~~~~~~
    + CategoryInfo          : NotSpecified 
   : ([@sentry/nextjs...ogging instead.:S  
  tring) [], RemoteException
    + FullyQualifiedErrorId : NativeComman 
   dError
 
  console.log
    DEBUG: uploadRes { error: 'Formato inv├ílido. Use JPG, PNG ou WEBP.' }

      at Object.log (src/actions/__tests__/student_flow.test.ts:169:17)

FAIL 
src/actions/__tests__/student_flow.test.ts
  E2E Student Flow Integration
    ├ù Scenario 1: Update Profile (Avatar 
& Bio) (31 ms)
    Ôùï skipped Scenario 2: Make Progress 
& Finish Course
    Ôùï skipped Scenario 3: Issue 
Certificate

  ÔùÅ E2E Student Flow Integration ÔÇ║ 
Scenario 1: Update Profile (Avatar & Bio)

    Upload Failed: Formato inv├ílido. Use 
JPG, PNG ou WEBP.

    [0m [90m 170 |[39m
     [90m 171 |[39m         [36mif[39m 
(uploadRes[33m.[39merror) {
    [31m[1m>[22m[39m[90m 172 |[39m   
          [36mthrow[39m [36mnew[39m 
[33mError[39m([32m`Upload Failed: 
${uploadRes.error}`[39m)[33m;[39m
     [90m     |[39m                   
[31m[1m^[22m[39m
     [90m 173 |[39m         }
     [90m 174 |[39m
     [90m 175 |[39m         
expect(uploadRes)[33m.[39mtoEqual({ 
success[33m:[39m 
[36mtrue[39m[33m,[39m url[33m:[39m ex
pect[33m.[39mstringContaining([32m'avata
r.jpg'[39m) })[33m;[39m[0m

      at Object.<anonymous> (src/actions/__
tests__/student_flow.test.ts:172:19)

Test Suites: 1 failed, 1 total
Tests:       1 failed, 2 skipped, 3 total
Snapshots:   0 total
Time:        1.84 s
Ran all test suites matching 
src/actions/__tests__/student_flow.test.ts.
