src/components/portal/CoursePlayer.tsx(72,19): error TS1005: ',' expected.
src/components/portal/CoursePlayer.tsx(73,15): error TS1136: Property assignment expected.
src/components/portal/CoursePlayer.tsx(75,25): error TS1005: ',' expected.
src/components/portal/CoursePlayer.tsx(75,40): error TS1005: ',' expected.
src/components/portal/CoursePlayer.tsx(75,44): error TS1128: Declaration or statement expected.
src/components/portal/CoursePlayer.tsx(76,17): error TS1136: Property assignment expected.
src/components/portal/CoursePlayer.tsx(76,21): error TS1005: ';' expected.
src/components/portal/CoursePlayer.tsx(76,48): error TS1128: Declaration or statement expected.
src/components/portal/CoursePlayer.tsx(77,12): error TS1136: Property assignment expected.
src/components/portal/CoursePlayer.tsx(77,15): error TS1005: ';' expected.
src/components/portal/CoursePlayer.tsx(77,31): error TS1128: Declaration or statement expected.
src/components/portal/CoursePlayer.tsx(78,12): error TS1136: Property assignment expected.
src/components/portal/CoursePlayer.tsx(78,15): error TS1005: ';' expected.
src/components/portal/CoursePlayer.tsx(81,2): error TS1128: Declaration or statement expected.
src/components/portal/CoursePlayer.tsx(82,9): error TS1161: Unterminated regular expression literal.
src/components/portal/CoursePlayer.tsx(83,5): error TS1128: Declaration or statement expected.
src/components/portal/CoursePlayer.tsx(84,1): error TS1128: Declaration or statement expected.
